Archive member included to satisfy reference by file (symbol)

c:/program files (x86)/atmel/studio/7.0/toolchain/avr8/avr8-gnu-toolchain/bin/../lib/gcc/avr/4.9.2/../../../../avr/lib/avr6\libm.a(addsf3.o)
                              Balance_Bot_2403.o (__subsf3)
c:/program files (x86)/atmel/studio/7.0/toolchain/avr8/avr8-gnu-toolchain/bin/../lib/gcc/avr/4.9.2/../../../../avr/lib/avr6\libm.a(addsf3x.o)
                              c:/program files (x86)/atmel/studio/7.0/toolchain/avr8/avr8-gnu-toolchain/bin/../lib/gcc/avr/4.9.2/../../../../avr/lib/avr6\libm.a(addsf3.o) (__addsf3x)
c:/program files (x86)/atmel/studio/7.0/toolchain/avr8/avr8-gnu-toolchain/bin/../lib/gcc/avr/4.9.2/../../../../avr/lib/avr6\libm.a(atan2.o)
                              Accelerometer/accel.o (atan2)
c:/program files (x86)/atmel/studio/7.0/toolchain/avr8/avr8-gnu-toolchain/bin/../lib/gcc/avr/4.9.2/../../../../avr/lib/avr6\libm.a(atan.o)
                              c:/program files (x86)/atmel/studio/7.0/toolchain/avr8/avr8-gnu-toolchain/bin/../lib/gcc/avr/4.9.2/../../../../avr/lib/avr6\libm.a(atan2.o) (atan)
c:/program files (x86)/atmel/studio/7.0/toolchain/avr8/avr8-gnu-toolchain/bin/../lib/gcc/avr/4.9.2/../../../../avr/lib/avr6\libm.a(cmpsf2.o)
                              Motors/motors.o (__eqsf2)
c:/program files (x86)/atmel/studio/7.0/toolchain/avr8/avr8-gnu-toolchain/bin/../lib/gcc/avr/4.9.2/../../../../avr/lib/avr6\libm.a(divsf3.o)
                              Accelerometer/accel.o (__divsf3)
c:/program files (x86)/atmel/studio/7.0/toolchain/avr8/avr8-gnu-toolchain/bin/../lib/gcc/avr/4.9.2/../../../../avr/lib/avr6\libm.a(divsf3x.o)
                              c:/program files (x86)/atmel/studio/7.0/toolchain/avr8/avr8-gnu-toolchain/bin/../lib/gcc/avr/4.9.2/../../../../avr/lib/avr6\libm.a(divsf3.o) (__divsf3x)
c:/program files (x86)/atmel/studio/7.0/toolchain/avr8/avr8-gnu-toolchain/bin/../lib/gcc/avr/4.9.2/../../../../avr/lib/avr6\libm.a(fixsfsi.o)
                              Motors/motors.o (__fixsfsi)
c:/program files (x86)/atmel/studio/7.0/toolchain/avr8/avr8-gnu-toolchain/bin/../lib/gcc/avr/4.9.2/../../../../avr/lib/avr6\libm.a(fixunssfsi.o)
                              Motors/motors.o (__fixunssfsi)
c:/program files (x86)/atmel/studio/7.0/toolchain/avr8/avr8-gnu-toolchain/bin/../lib/gcc/avr/4.9.2/../../../../avr/lib/avr6\libm.a(floatsisf.o)
                              Accelerometer/accel.o (__floatunsisf)
c:/program files (x86)/atmel/studio/7.0/toolchain/avr8/avr8-gnu-toolchain/bin/../lib/gcc/avr/4.9.2/../../../../avr/lib/avr6\libm.a(fp_cmp.o)
                              c:/program files (x86)/atmel/studio/7.0/toolchain/avr8/avr8-gnu-toolchain/bin/../lib/gcc/avr/4.9.2/../../../../avr/lib/avr6\libm.a(cmpsf2.o) (__fp_cmp)
c:/program files (x86)/atmel/studio/7.0/toolchain/avr8/avr8-gnu-toolchain/bin/../lib/gcc/avr/4.9.2/../../../../avr/lib/avr6\libm.a(fp_inf.o)
                              c:/program files (x86)/atmel/studio/7.0/toolchain/avr8/avr8-gnu-toolchain/bin/../lib/gcc/avr/4.9.2/../../../../avr/lib/avr6\libm.a(addsf3x.o) (__fp_inf)
c:/program files (x86)/atmel/studio/7.0/toolchain/avr8/avr8-gnu-toolchain/bin/../lib/gcc/avr/4.9.2/../../../../avr/lib/avr6\libm.a(fp_nan.o)
                              c:/program files (x86)/atmel/studio/7.0/toolchain/avr8/avr8-gnu-toolchain/bin/../lib/gcc/avr/4.9.2/../../../../avr/lib/avr6\libm.a(addsf3x.o) (__fp_nan)
c:/program files (x86)/atmel/studio/7.0/toolchain/avr8/avr8-gnu-toolchain/bin/../lib/gcc/avr/4.9.2/../../../../avr/lib/avr6\libm.a(fp_powser.o)
                              c:/program files (x86)/atmel/studio/7.0/toolchain/avr8/avr8-gnu-toolchain/bin/../lib/gcc/avr/4.9.2/../../../../avr/lib/avr6\libm.a(atan.o) (__fp_powser)
c:/program files (x86)/atmel/studio/7.0/toolchain/avr8/avr8-gnu-toolchain/bin/../lib/gcc/avr/4.9.2/../../../../avr/lib/avr6\libm.a(fp_pscA.o)
                              c:/program files (x86)/atmel/studio/7.0/toolchain/avr8/avr8-gnu-toolchain/bin/../lib/gcc/avr/4.9.2/../../../../avr/lib/avr6\libm.a(addsf3x.o) (__fp_pscA)
c:/program files (x86)/atmel/studio/7.0/toolchain/avr8/avr8-gnu-toolchain/bin/../lib/gcc/avr/4.9.2/../../../../avr/lib/avr6\libm.a(fp_pscB.o)
                              c:/program files (x86)/atmel/studio/7.0/toolchain/avr8/avr8-gnu-toolchain/bin/../lib/gcc/avr/4.9.2/../../../../avr/lib/avr6\libm.a(addsf3x.o) (__fp_pscB)
c:/program files (x86)/atmel/studio/7.0/toolchain/avr8/avr8-gnu-toolchain/bin/../lib/gcc/avr/4.9.2/../../../../avr/lib/avr6\libm.a(fp_round.o)
                              c:/program files (x86)/atmel/studio/7.0/toolchain/avr8/avr8-gnu-toolchain/bin/../lib/gcc/avr/4.9.2/../../../../avr/lib/avr6\libm.a(addsf3.o) (__fp_round)
c:/program files (x86)/atmel/studio/7.0/toolchain/avr8/avr8-gnu-toolchain/bin/../lib/gcc/avr/4.9.2/../../../../avr/lib/avr6\libm.a(fp_split3.o)
[...]
Memory Configuration

Name             Origin             Length             Attributes
text             0x00000000         0x00100000         xr
data             0x00800200         0x0000fe00         rw !x
eeprom           0x00810000         0x00010000         rw !x
fuse             0x00820000         0x00000003         rw !x
lock             0x00830000         0x00000400         rw !x
signature        0x00840000         0x00000400         rw !x
user_signatures  0x00850000         0x00000400         rw !x
*default*        0x00000000         0xffffffff

Linker script and memory map

Address of section .data set to 0x800200
LOAD C:/Program Files (x86)/Atmel/Studio/7.0/Packs/atmel/ATmega_DFP/1.1.130/gcc/dev/atmega2560/avr6/crtatmega2560.o
LOAD Accelerometer/accel.o
LOAD Balance_Bot_2403.o
LOAD Controller/controller.o
LOAD Gyroscope/gyro.o
LOAD I2C/i2c_lib.o
LOAD Indicators/indicators.o
LOAD Motors/motors.o
LOAD Support/support_lib.o
LOAD Timers/timers.o
LOAD Tones/anyrtttl.o
LOAD Tones/binrtttl.o
START GROUP
LOAD c:/program files (x86)/atmel/studio/7.0/toolchain/avr8/avr8-gnu-toolchain/bin/../lib/gcc/avr/4.9.2/../../../../avr/lib/avr6\libm.a
LOAD D:\Competitions\eYRC 2016\Code\ATMEL\Git\Balance_Bot_2403\ArduinoCore\Debug\libArduinoCore.a
END GROUP
LOAD c:/program files (x86)/atmel/studio/7.0/toolchain/avr8/avr8-gnu-toolchain/bin/../lib/gcc/avr/4.9.2/avr6\libgcc.a
LOAD c:/program files (x86)/atmel/studio/7.0/toolchain/avr8/avr8-gnu-toolchain/bin/../lib/gcc/avr/4.9.2/../../../../avr/lib/avr6\libm.a
START GROUP
LOAD c:/program files (x86)/atmel/studio/7.0/toolchain/avr8/avr8-gnu-toolchain/bin/../lib/gcc/avr/4.9.2/avr6\libgcc.a
LOAD c:/program files (x86)/atmel/studio/7.0/toolchain/avr8/avr8-gnu-toolchain/bin/../lib/gcc/avr/4.9.2/../../../../avr/lib/avr6\libm.a
LOAD c:/program files (x86)/atmel/studio/7.0/toolchain/avr8/avr8-gnu-toolchain/bin/../lib/gcc/avr/4.9.2/../../../../avr/lib/avr6\libc.a
LOAD C:/Program Files (x86)/Atmel/Studio/7.0/Packs/atmel/ATmega_DFP/1.1.130/gcc/dev/atmega2560/avr6\libatmega2560.a
END GROUP
                0x00100000                __TEXT_REGION_LENGTH__ = DEFINED (__TEXT_REGION_LENGTH__)?__TEXT_REGION_LENGTH__:0x100000
                0x0000fe00                __DATA_REGION_LENGTH__ = DEFINED (__DATA_REGION_LENGTH__)?__DATA_REGION_LENGTH__:0xfe00
                0x00010000                __EEPROM_REGION_LENGTH__ = DEFINED (__EEPROM_REGION_LENGTH__)?__EEPROM_REGION_LENGTH__:0x10000
                [0x00000003]                __FUSE_REGION_LENGTH__ = DEFINED (__FUSE_REGION_LENGTH__)?__FUSE_REGION_LENGTH__:0x400
                0x00000400                __LOCK_REGION_LENGTH__ = DEFINED (__LOCK_REGION_LENGTH__)?__LOCK_REGION_LENGTH__:0x400
                0x00000400                __SIGNATURE_REGION_LENGTH__ = DEFINED (__SIGNATURE_REGION_LENGTH__)?__SIGNATURE_REGION_LENGTH__:0x400
                0x00000400                __USER_SIGNATURE_REGION_LENGTH__ = DEFINED (__USER_SIGNATURE_REGION_LENGTH__)?__USER_SIGNATURE_REGION_LENGTH__:0x400

.hash
 *(.hash)

.dynsym
 *(.dynsym)

.dynstr
 *(.dynstr)

.gnu.version
 *(.gnu.version)

.gnu.version_d
 *(.gnu.version_d)

.gnu.version_r
 *(.gnu.version_r)

.rel.init
 *(.rel.init)

.rela.init
 *(.rela.init)

.rel.text
 *(.rel.text)
 *(.rel.text.*)
 *(.rel.gnu.linkonce.t*)

.rela.text
 *(.rela.text)
 *(.rela.text.*)
 *(.rela.gnu.linkonce.t*)

.rel.fini
 *(.rel.fini)

.rela.fini
 *(.rela.fini)

.rel.rodata
 *(.rel.rodata)
 *(.rel.rodata.*)
 *(.rel.gnu.linkonce.r*)

.rela.rodata
 *(.rela.rodata)
 *(.rela.rodata.*)
 *(.rela.gnu.linkonce.r*)

.rel.data
 *(.rel.data)
 *(.rel.data.*)
 *(.rel.gnu.linkonce.d*)

.rela.data
 *(.rela.data)
 *(.rela.data.*)
 *(.rela.gnu.linkonce.d*)

.rel.ctors
 *(.rel.ctors)

.rela.ctors
 *(.rela.ctors)

.rel.dtors
 *(.rel.dtors)

.rela.dtors
 *(.rela.dtors)

.rel.got
 *(.rel.got)

.rela.got
 *(.rela.got)

.rel.bss
 *(.rel.bss)

.rela.bss
 *(.rela.bss)

.rel.plt
 *(.rel.plt)

.rela.plt
 *(.rela.plt)

.text           0x00000000     0x46f8
 *(.vectors)
 .vectors       0x00000000       0xe4 C:/Program Files (x86)/Atmel/Studio/7.0/Packs/atmel/ATmega_DFP/1.1.130/gcc/dev/atmega2560/avr6/crtatmega2560.o
                0x00000000                __vector_default
                0x00000000                __vectors
 *(.vectors)
 *(.progmem.gcc*)
 .progmem.gcc_fplib
                0x000000e4       0x2d c:/program files (x86)/atmel/studio/7.0/toolchain/avr8/avr8-gnu-toolchain/bin/../lib/gcc/avr/4.9.2/../../../../avr/lib/avr6\libm.a(atan.o)
 *fill*         0x00000111        0x1 
 .progmem.gcc_sw_table.attachInterrupt
                0x00000112        0xe D:\Competitions\eYRC 2016\Code\ATMEL\Git\Balance_Bot_2403\ArduinoCore\Debug\libArduinoCore.a(WInterrupts.o)
 .progmem.gcc_sw_table.analogWrite
                0x00000120       0x24 D:\Competitions\eYRC 2016\Code\ATMEL\Git\Balance_Bot_2403\ArduinoCore\Debug\libArduinoCore.a(wiring_analog.o)
 .progmem.gcc_sw_table.turnOffPWM
                0x00000144       0x24 D:\Competitions\eYRC 2016\Code\ATMEL\Git\Balance_Bot_2403\ArduinoCore\Debug\libArduinoCore.a(wiring_digital.o)
                0x00000168                . = ALIGN (0x2)
                0x00000168                __trampolines_start = .
 *(.trampolines)
 .trampolines   0x00000168        0x0 linker stubs
 *(.trampolines*)
                0x00000168                __trampolines_end = .
 *libprintf_flt.a:*(.progmem.data)
 *libc.a:*(.progmem.data)
 *(.progmem*)
 .progmem.data._ZL21tone_pin_to_timer_PGM
                0x00000168        0x1 D:\Competitions\eYRC 2016\Code\ATMEL\Git\Balance_Bot_2403\ArduinoCore\Debug\libArduinoCore.a(Tone.o)
 .progmem.data.digital_pin_to_timer_PGM
                0x00000169       0x46 D:\Competitions\eYRC 2016\Code\ATMEL\Git\Balance_Bot_2403\ArduinoCore\Debug\libArduinoCore.a(wiring_digital.o)
                0x00000169                digital_pin_to_timer_PGM
 .progmem.data.digital_pin_to_bit_mask_PGM
                0x000001af       0x46 D:\Competitions\eYRC 2016\Code\ATMEL\Git\Balance_Bot_2403\ArduinoCore\Debug\libArduinoCore.a(wiring_digital.o)
                0x000001af                digital_pin_to_bit_mask_PGM
 .progmem.data.digital_pin_to_port_PGM
                0x000001f5       0x46 D:\Competitions\eYRC 2016\Code\ATMEL\Git\Balance_Bot_2403\ArduinoCore\Debug\libArduinoCore.a(wiring_digital.o)
                0x000001f5                digital_pin_to_port_PGM
 .progmem.data.port_to_output_PGM
                0x0000023b       0x1a D:\Competitions\eYRC 2016\Code\ATMEL\Git\Balance_Bot_2403\ArduinoCore\Debug\libArduinoCore.a(wiring_digital.o)
                0x0000023b                port_to_output_PGM
 .progmem.data.port_to_mode_PGM
                0x00000255       0x1a D:\Competitions\eYRC 2016\Code\ATMEL\Git\Balance_Bot_2403\ArduinoCore\Debug\libArduinoCore.a(wiring_digital.o)
                0x00000255                port_to_mode_PGM
                0x00000270                . = ALIGN (0x2)
 *fill*         0x0000026f        0x1 
 *(.jumptables)
 *(.jumptables*)
 *(.lowtext)
 *(.lowtext*)
                0x00000270                __ctors_start = .
 *(.ctors)
 .ctors         0x00000270        0x2 D:\Competitions\eYRC 2016\Code\ATMEL\Git\Balance_Bot_2403\ArduinoCore\Debug\libArduinoCore.a(HardwareSerial0.o)
                0x00000272                __ctors_end = .
                0x00000272                __dtors_start = .
 *(.dtors)
                0x00000272                __dtors_end = .
 SORT(*)(.ctors)
 SORT(*)(.dtors)
 *(.init0)
 .init0         0x00000272        0x0 C:/Program Files (x86)/Atmel/Studio/7.0/Packs/atmel/ATmega_DFP/1.1.130/gcc/dev/atmega2560/avr6/crtatmega2560.o
                0x00000272                __init
 *(.init0)
 *(.init1)
 *(.init1)
 *(.init2)
 .init2         0x00000272       0x10 C:/Program Files (x86)/Atmel/Studio/7.0/Packs/atmel/ATmega_DFP/1.1.130/gcc/dev/atmega2560/avr6/crtatmega2560.o
 *(.init2)
 *(.init3)
 *(.init3)
 *(.init4)
 .init4         0x00000282       0x1a c:/program files (x86)/atmel/studio/7.0/toolchain/avr8/avr8-gnu-toolchain/bin/../lib/gcc/avr/4.9.2/avr6\libgcc.a(_copy_data.o)
                0x00000282                __do_copy_data
 .init4         0x0000029c       0x10 c:/program files (x86)/atmel/studio/7.0/toolchain/avr8/avr8-gnu-toolchain/bin/../lib/gcc/avr/4.9.2/avr6\libgcc.a(_clear_bss.o)
                0x0000029c                __do_clear_bss
 *(.init4)
 *(.init5)
 *(.init5)
 *(.init6)
 .init6         0x000002ac       0x20 c:/program files (x86)/atmel/studio/7.0/toolchain/avr8/avr8-gnu-toolchain/bin/../lib/gcc/avr/4.9.2/avr6\libgcc.a(_ctors.o)
                0x000002ac                __do_global_ctors
 *(.init6)
 *(.init7)
 *(.init7)
 *(.init8)
 *(.init8)
 *(.init9)
 .init9         0x000002cc        0x8 C:/Program Files (x86)/Atmel/Studio/7.0/Packs/atmel/ATmega_DFP/1.1.130/gcc/dev/atmega2560/avr6/crtatmega2560.o
 *(.init9)
 *(.text)
 .text          0x000002d4        0x2 C:/Program Files (x86)/Atmel/Studio/7.0/Packs/atmel/ATmega_DFP/1.1.130/gcc/dev/atmega2560/avr6/crtatmega2560.o
                0x000002d4                __vector_38
                0x000002d4                __vector_22
                0x000002d4                __vector_28
                0x000002d4                __vector_32
                0x000002d4                __vector_34
                0x000002d4                __vector_24
                0x000002d4                __vector_12
                0x000002d4                __vector_55
                0x000002d4                __vector_46
                0x000002d4                __bad_interrupt
                0x000002d4                __vector_31
                0x000002d4                __vector_39
                0x000002d4                __vector_30
                0x000002d4                __vector_11
                0x000002d4                __vector_54
                0x000002d4                __vector_17
                0x000002d4                __vector_19
                0x000002d4                __vector_56
                0x000002d4                __vector_49
                0x000002d4                __vector_41
                0x000002d4                __vector_43
                0x000002d4                __vector_27
                0x000002d4                __vector_33
                0x000002d4                __vector_47
                0x000002d4                __vector_52
                0x000002d4                __vector_37
                0x000002d4                __vector_44
                0x000002d4                __vector_51
                0x000002d4                __vector_9
                0x000002d4                __vector_21
                0x000002d4                __vector_15
                0x000002d4                __vector_36
                0x000002d4                __vector_29
                0x000002d4                __vector_40
                0x000002d4                __vector_48
                0x000002d4                __vector_14
                0x000002d4                __vector_53
                0x000002d4                __vector_10
                0x000002d4                __vector_50
                0x000002d4                __vector_16
                0x000002d4                __vector_18
                0x000002d4                __vector_42
                0x000002d6                . = ALIGN (0x2)
 *(.text.*)
 .text._Z15calibrate_accelccc
                0x000002d6       0x36 Accelerometer/accel.o
                0x000002d6                _Z15calibrate_accelccc
 .text._Z10accel_initv
                0x0000030c       0x4a Accelerometer/accel.o
                0x0000030c                _Z10accel_initv
 .text._Z21convert_accelerometert
                0x00000356       0x26 Accelerometer/accel.o
                0x00000356                _Z21convert_accelerometert
 .text._Z18read_accelerometerv
                0x0000037c       0xc6 Accelerometer/accel.o
                0x0000037c                _Z18read_accelerometerv
 .text.__vector_20
                0x00000442      0x15e Balance_Bot_2403.o
                0x00000442                __vector_20
 .text._Z13encoder_countv
                0x000005a0       0x26 Balance_Bot_2403.o
                0x000005a0                _Z13encoder_countv
 .text._Z15read_tilt_anglev
                0x000005c6       0xe0 Balance_Bot_2403.o
                0x000005c6                _Z15read_tilt_anglev
 .text.__vector_35
                0x000006a6       0x6c Balance_Bot_2403.o
                0x000006a6                __vector_35
 .text._Z14handle_buttonsv
                0x00000712      0x334 Balance_Bot_2403.o
                0x00000712                _Z14handle_buttonsv
 .text._Z11steer_robotv
                0x00000a46       0xde Balance_Bot_2403.o
                0x00000a46                _Z11steer_robotv
 .text._Z20compute_rotation_PIDv
                0x00000b24       0xc4 Balance_Bot_2403.o
                0x00000b24                _Z20compute_rotation_PIDv
 .text._Z20compute_velocity_PIDv
                0x00000be8      0x48c Balance_Bot_2403.o
                0x00000be8                _Z20compute_velocity_PIDv
 .text._Z19compute_encoder_PIDv
                0x00001074      0x1b0 Balance_Bot_2403.o
                0x00001074                _Z19compute_encoder_PIDv
 .text._Z17compute_angle_PIDv
                0x00001224      0x432 Balance_Bot_2403.o
                0x00001224                _Z17compute_angle_PIDv
 .text._Z11compute_PIDv
                0x00001656        0x8 Balance_Bot_2403.o
                0x00001656                _Z11compute_PIDv
 .text._Z14task_schedulerv
                0x0000165e       0x8a Balance_Bot_2403.o
                0x0000165e                _Z14task_schedulerv
 .text._Z12init_devicesv
                0x000016e8       0x2c Balance_Bot_2403.o
                0x000016e8                _Z12init_devicesv
 .text.setup    0x00001714       0x2c Balance_Bot_2403.o
                0x00001714                setup
 .text.loop     0x00001740        0x2 Balance_Bot_2403.o
                0x00001740                loop
 .text._Z17get_joystick_zonehhi
                0x00001742       0xdc Controller/controller.o
                0x00001742                _Z17get_joystick_zonehhi
 .text._Z13read_joystickv
                0x0000181e      0x140 Controller/controller.o
                0x0000181e                _Z13read_joystickv
 .text._Z9gyro_initv
                0x0000195e       0x1c Gyroscope/gyro.o
                0x0000195e                _Z9gyro_initv
 .text._Z12convert_gyrotf
                0x0000197a       0x42 Gyroscope/gyro.o
                0x0000197a                _Z12convert_gyrotf
 .text._Z9read_gyrov
                0x000019bc       0x40 Gyroscope/gyro.o
                0x000019bc                _Z9read_gyrov
 .text._Z14get_gyro_anglemf
                0x000019fc       0x94 Gyroscope/gyro.o
                0x000019fc                _Z14get_gyro_anglemf
 .text._Z8i2c_initv
                0x00001a90       0x16 I2C/i2c_lib.o
                0x00001a90                _Z8i2c_initv
 .text._Z9i2c_startv
                0x00001aa6        0xc I2C/i2c_lib.o
                0x00001aa6                _Z9i2c_startv
 .text._Z11clear_twintv
                0x00001ab2        0xc I2C/i2c_lib.o
                0x00001ab2                _Z11clear_twintv
 .text._Z4waitv
                0x00001abe        0xa I2C/i2c_lib.o
                0x00001abe                _Z4waitv
 .text._Z8i2c_stopv
                0x00001ac8        0xc I2C/i2c_lib.o
                0x00001ac8                _Z8i2c_stopv
 .text._Z12i2c_sendbytehhh
                0x00001ad4       0x80 I2C/i2c_lib.o
                0x00001ad4                _Z12i2c_sendbytehhh
 .text._Z11i2c_getbytehhPa
                0x00001b54       0xbe I2C/i2c_lib.o
                0x00001b54                _Z11i2c_getbytehhPa
 .text._Z19i2c_read_multi_bytehhtPa
                0x00001c12      0x112 I2C/i2c_lib.o
                0x00001c12                _Z19i2c_read_multi_bytehhtPa
 .text._Z7blinkerhiiibb.part.0
                0x00001d24       0xce Indicators/indicators.o
 .text._Z9alpha_redb
                0x00001df2        0xa Indicators/indicators.o
                0x00001df2                _Z9alpha_redb
 .text._Z11alpha_greenb
                0x00001dfc        0xa Indicators/indicators.o
                0x00001dfc                _Z11alpha_greenb
 .text._Z10alpha_blueb
                0x00001e06        0xa Indicators/indicators.o
                0x00001e06                _Z10alpha_blueb
 .text._Z8beta_redb
                0x00001e10        0xa Indicators/indicators.o
                0x00001e10                _Z8beta_redb
 .text._Z10beta_greenb
                0x00001e1a        0xa Indicators/indicators.o
                0x00001e1a                _Z10beta_greenb
 .text._Z9beta_blueb
                0x00001e24        0xa Indicators/indicators.o
                0x00001e24                _Z9beta_blueb
 .text._Z14led_pin_configv
                0x00001e2e       0x50 Indicators/indicators.o
                0x00001e2e                _Z14led_pin_configv
 .text._Z18set_led_indicatorsbbbbbb
                0x00001e7e       0x22 Indicators/indicators.o
                0x00001e7e                _Z18set_led_indicatorsbbbbbb
 .text._Z20led_indicator_masterb
                0x00001ea0       0x1c Indicators/indicators.o
                0x00001ea0                _Z20led_indicator_masterb
 .text._Z7blinkerhiiibb
                0x00001ebc        0xe Indicators/indicators.o
                0x00001ebc                _Z7blinkerhiiibb
 .text._Z13led_schedulerv
                0x00001eca      0x1c2 Indicators/indicators.o
                0x00001eca                _Z13led_schedulerv
 .text._Z17buzzer_pin_configv
                0x0000208c       0x1a Indicators/indicators.o
                0x0000208c                _Z17buzzer_pin_configv
 .text._Z9buzzer_onv
                0x000020a6       0x12 Indicators/indicators.o
                0x000020a6                _Z9buzzer_onv
 .text._Z10buzzer_offv
                0x000020b8       0x12 Indicators/indicators.o
                0x000020b8                _Z10buzzer_offv
 .text._Z16set_buzzer_stateb
                0x000020ca        0xa Indicators/indicators.o
                0x000020ca                _Z16set_buzzer_stateb
 .text._Z17read_buzzer_statev
                0x000020d4        0x6 Indicators/indicators.o
                0x000020d4                _Z17read_buzzer_statev
 .text._Z13set_buzz_timev
                0x000020da       0x14 Indicators/indicators.o
                0x000020da                _Z13set_buzz_timev
 .text._Z15set_error_stateb
                0x000020ee        0x6 Indicators/indicators.o
                0x000020ee                _Z15set_error_stateb
 .text._Z16read_error_statev
                0x000020f4        0x6 Indicators/indicators.o
                0x000020f4                _Z16read_error_statev
 .text._Z14set_error_timev
                0x000020fa       0x14 Indicators/indicators.o
                0x000020fa                _Z14set_error_timev
 .text._Z10play_musici
                0x0000210e       0x52 Indicators/indicators.o
                0x0000210e                _Z10play_musici
 .text._Z12initial_buzzv
                0x00002160       0xb4 Indicators/indicators.o
                0x00002160                _Z12initial_buzzv
 .text._Z14buzz_schedulerv
                0x00002214       0x18 Indicators/indicators.o
                0x00002214                _Z14buzz_schedulerv
 .text._Z22left_encoder_interruptv
                0x0000222c       0x60 Motors/motors.o
                0x0000222c                _Z22left_encoder_interruptv
 .text._Z23right_encoder_interruptv
                0x0000228c       0x60 Motors/motors.o
                0x0000228c                _Z23right_encoder_interruptv
 .text._Z16motor_pin_configv
                0x000022ec       0x36 Motors/motors.o
                0x000022ec                _Z16motor_pin_configv
 .text._Z18encoder_pin_configv
                0x00002322       0x3c Motors/motors.o
                0x00002322                _Z18encoder_pin_configv
 .text._Z13set_motor_PWMih
                0x0000235e       0x1a Motors/motors.o
                0x0000235e                _Z13set_motor_PWMih
 .text._Z13set_motor_pinibb
                0x00002378       0x38 Motors/motors.o
                0x00002378                _Z13set_motor_pinibb
 .text._Z14set_motor_modeii
                0x000023b0       0x2e Motors/motors.o
                0x000023b0                _Z14set_motor_modeii
 .text._Z11drive_motoriff
                0x000023de      0x132 Motors/motors.o
                0x000023de                _Z11drive_motoriff
 .text._Z13update_motorsfff
                0x00002510       0xee Motors/motors.o
                0x00002510                _Z13update_motorsfff
 .text._Z11motors_initv
                0x000025fe        0x4 Motors/motors.o
                0x000025fe                _Z11motors_initv
 .text._Z12check_status17status_check_cond
                0x00002602       0x12 Support/support_lib.o
                0x00002602                _Z12check_status17status_check_cond
 .text._Z14read_device_IDhh
                0x00002614       0x1e Support/support_lib.o
                0x00002614                _Z14read_device_IDhh
 .text._Z15check_device_IDhha
                0x00002632       0x2e Support/support_lib.o
                0x00002632                _Z15check_device_IDhha
 .text._Z11timer1_initv
                0x00002660       0x3a Timers/timers.o
                0x00002660                _Z11timer1_initv
 .text._Z12start_timer1v
                0x0000269a        0xe Timers/timers.o
                0x0000269a                _Z12start_timer1v
 .text._Z11timer3_initv
                0x000026a8       0x3a Timers/timers.o
                0x000026a8                _Z11timer3_initv
 .text._Z12start_timer3v
                0x000026e2        0xe Timers/timers.o
                0x000026e2                _Z12start_timer3v
 .text._Z11timer4_initv
                0x000026f0       0x3a Timers/timers.o
                0x000026f0                _Z11timer4_initv
 .text._Z12start_timer4v
                0x0000272a        0xc Timers/timers.o
                0x0000272a                _Z12start_timer4v
 .text.__vector_45
                0x00002736       0xaa Timers/timers.o
                0x00002736                __vector_45
 .text._Z5epochv
                0x000027e0       0x42 Timers/timers.o
                0x000027e0                _Z5epochv
 .text._ZN8anyrtttl10readNumberEPKcRi
                0x00002822       0x3e Tones/anyrtttl.o
                0x00002822                _ZN8anyrtttl10readNumberEPKcRi
 .text._ZN8anyrtttl11nonblocking5beginEhPKc
                0x00002860      0x138 Tones/anyrtttl.o
                0x00002860                _ZN8anyrtttl11nonblocking5beginEhPKc
 .text._ZN8anyrtttl11nonblocking8nextnoteEv
                0x00002998      0x182 Tones/anyrtttl.o
                0x00002998                _ZN8anyrtttl11nonblocking8nextnoteEv
 .text._ZN8anyrtttl11nonblocking4playEv
                0x00002b1a       0x60 Tones/anyrtttl.o
                0x00002b1a                _ZN8anyrtttl11nonblocking4playEv
 .text._ZN8anyrtttl19findNoteLetterIndexEc
                0x00002b7a       0x1a Tones/binrtttl.o
                0x00002b7a                _ZN8anyrtttl19findNoteLetterIndexEc
 .text._ZN8anyrtttl23getNoteOffsetFromLetterEc
                0x00002b94       0x1e Tones/binrtttl.o
                0x00002b94                _ZN8anyrtttl23getNoteOffsetFromLetterEc
 .text.avr-libc.fplib
                0x00002bb2        0xa c:/program files (x86)/atmel/studio/7.0/toolchain/avr8/avr8-gnu-toolchain/bin/../lib/gcc/avr/4.9.2/../../../../avr/lib/avr6\libm.a(addsf3.o)
                0x00002bb2                __subsf3
                0x00002bb4                __addsf3
 .text.avr-libc.fplib
                0x00002bbc       0xc0 c:/program files (x86)/atmel/studio/7.0/toolchain/avr8/avr8-gnu-toolchain/bin/../lib/gcc/avr/4.9.2/../../../../avr/lib/avr6\libm.a(addsf3x.o)
                0x00002bd6                __addsf3x
 .text.avr-libc.fplib
                0x00002c7c       0x74 c:/program files (x86)/atmel/studio/7.0/toolchain/avr8/avr8-gnu-toolchain/bin/../lib/gcc/avr/4.9.2/../../../../avr/lib/avr6\libm.a(atan2.o)
                0x00002c9a                atan2
 .text.avr-libc.fplib
                0x00002cf0       0x50 c:/program files (x86)/atmel/studio/7.0/toolchain/avr8/avr8-gnu-toolchain/bin/../lib/gcc/avr/4.9.2/../../../../avr/lib/avr6\libm.a(atan.o)
                0x00002cf0                atan
 .text.avr-libc.fplib
                0x00002d40        0x8 c:/program files (x86)/atmel/studio/7.0/toolchain/avr8/avr8-gnu-toolchain/bin/../lib/gcc/avr/4.9.2/../../../../avr/lib/avr6\libm.a(cmpsf2.o)
                0x00002d40                __nesf2
                0x00002d40                __eqsf2
                0x00002d40                __cmpsf2
                0x00002d40                __ltsf2
                0x00002d40                __lesf2
 .text.avr-libc.fplib
                0x00002d48        0x4 c:/program files (x86)/atmel/studio/7.0/toolchain/avr8/avr8-gnu-toolchain/bin/../lib/gcc/avr/4.9.2/../../../../avr/lib/avr6\libm.a(divsf3.o)
                0x00002d48                __divsf3
 .text.avr-libc.fplib
                0x00002d4c       0xcc c:/program files (x86)/atmel/studio/7.0/toolchain/avr8/avr8-gnu-toolchain/bin/../lib/gcc/avr/4.9.2/../../../../avr/lib/avr6\libm.a(divsf3x.o)
                0x00002d62                __divsf3x
                0x00002d66                __divsf3_pse
 .text.avr-libc.fplib
                0x00002e18        0xa c:/program files (x86)/atmel/studio/7.0/toolchain/avr8/avr8-gnu-toolchain/bin/../lib/gcc/avr/4.9.2/../../../../avr/lib/avr6\libm.a(fixsfsi.o)
                0x00002e18                __fixsfsi
 .text.avr-libc.fplib
                0x00002e22       0x58 c:/program files (x86)/atmel/studio/7.0/toolchain/avr8/avr8-gnu-toolchain/bin/../lib/gcc/avr/4.9.2/../../../../avr/lib/avr6\libm.a(fixunssfsi.o)
                0x00002e22                __fixunssfsi
 .text.avr-libc.fplib
                0x00002e7a       0x7a c:/program files (x86)/atmel/studio/7.0/toolchain/avr8/avr8-gnu-toolchain/bin/../lib/gcc/avr/4.9.2/../../../../avr/lib/avr6\libm.a(floatsisf.o)
                0x00002e7a                __floatunsisf
                0x00002e7e                __floatsisf
 .text.avr-libc.fplib
                0x00002ef4       0x48 c:/program files (x86)/atmel/studio/7.0/toolchain/avr8/avr8-gnu-toolchain/bin/../lib/gcc/avr/4.9.2/../../../../avr/lib/avr6\libm.a(fp_cmp.o)
                0x00002ef4                __fp_cmp
 .text.avr-libc.fplib
                0x00002f3c        0xc c:/program files (x86)/atmel/studio/7.0/toolchain/avr8/avr8-gnu-toolchain/bin/../lib/gcc/avr/4.9.2/../../../../avr/lib/avr6\libm.a(fp_inf.o)
                0x00002f3c                __fp_inf
 .text.avr-libc.fplib
                0x00002f48        0x6 c:/program files (x86)/atmel/studio/7.0/toolchain/avr8/avr8-gnu-toolchain/bin/../lib/gcc/avr/4.9.2/../../../../avr/lib/avr6\libm.a(fp_nan.o)
                0x00002f48                __fp_nan
 .text.avr-libc.fplib
                0x00002f4e       0x4a c:/program files (x86)/atmel/studio/7.0/toolchain/avr8/avr8-gnu-toolchain/bin/../lib/gcc/avr/4.9.2/../../../../avr/lib/avr6\libm.a(fp_powser.o)
                0x00002f4e                __fp_powser
 .text.avr-libc.fplib
                0x00002f98        0xe c:/program files (x86)/atmel/studio/7.0/toolchain/avr8/avr8-gnu-toolchain/bin/../lib/gcc/avr/4.9.2/../../../../avr/lib/avr6\libm.a(fp_pscA.o)
                0x00002f98                __fp_pscA
 .text.avr-libc.fplib
                0x00002fa6        0xe c:/program files (x86)/atmel/studio/7.0/toolchain/avr8/avr8-gnu-toolchain/bin/../lib/gcc/avr/4.9.2/../../../../avr/lib/avr6\libm.a(fp_pscB.o)
                0x00002fa6                __fp_pscB
 .text.avr-libc.fplib
                0x00002fb4       0x22 c:/program files (x86)/atmel/studio/7.0/toolchain/avr8/avr8-gnu-toolchain/bin/../lib/gcc/avr/4.9.2/../../../../avr/lib/avr6\libm.a(fp_round.o)
                0x00002fb4                __fp_round
 .text.avr-libc.fplib
                0x00002fd6       0x44 c:/program files (x86)/atmel/studio/7.0/toolchain/avr8/avr8-gnu-toolchain/bin/../lib/gcc/avr/4.9.2/../../../../avr/lib/avr6\libm.a(fp_split3.o)
                0x00002fd6                __fp_split3
                0x00002fe6                __fp_splitA
 .text.avr-libc.fplib
                0x0000301a        0xe c:/program files (x86)/atmel/studio/7.0/toolchain/avr8/avr8-gnu-toolchain/bin/../lib/gcc/avr/4.9.2/../../../../avr/lib/avr6\libm.a(fp_zero.o)
                0x0000301a                __fp_zero
                0x0000301c                __fp_szero
 .text.avr-libc.fplib
                0x00003028        0x8 c:/program files (x86)/atmel/studio/7.0/toolchain/avr8/avr8-gnu-toolchain/bin/../lib/gcc/avr/4.9.2/../../../../avr/lib/avr6\libm.a(gesf2.o)
                0x00003028                __gesf2
                0x00003028                __gtsf2
 .text.avr-libc.fplib
                0x00003030        0xe c:/program files (x86)/atmel/studio/7.0/toolchain/avr8/avr8-gnu-toolchain/bin/../lib/gcc/avr/4.9.2/../../../../avr/lib/avr6\libm.a(inverse.o)
                0x00003030                inverse
 .text.avr-libc.fplib
                0x0000303e        0x4 c:/program files (x86)/atmel/studio/7.0/toolchain/avr8/avr8-gnu-toolchain/bin/../lib/gcc/avr/4.9.2/../../../../avr/lib/avr6\libm.a(mulsf3.o)
                0x0000303e                __mulsf3
 .text.avr-libc.fplib
                0x00003042       0xc2 c:/program files (x86)/atmel/studio/7.0/toolchain/avr8/avr8-gnu-toolchain/bin/../lib/gcc/avr/4.9.2/../../../../avr/lib/avr6\libm.a(mulsf3x.o)
                0x00003056                __mulsf3x
                0x0000305a                __mulsf3_pse
 .text.avr-libc.fplib
                0x00003104        0x6 c:/program files (x86)/atmel/studio/7.0/toolchain/avr8/avr8-gnu-toolchain/bin/../lib/gcc/avr/4.9.2/../../../../avr/lib/avr6\libm.a(square.o)
                0x00003104                square
 .text._ZN14HardwareSerial9availableEv
                0x0000310a       0x18 D:\Competitions\eYRC 2016\Code\ATMEL\Git\Balance_Bot_2403\ArduinoCore\Debug\libArduinoCore.a(HardwareSerial.o)
                0x0000310a                _ZN14HardwareSerial9availableEv
 .text._ZN14HardwareSerial4peekEv
                0x00003122       0x1c D:\Competitions\eYRC 2016\Code\ATMEL\Git\Balance_Bot_2403\ArduinoCore\Debug\libArduinoCore.a(HardwareSerial.o)
                0x00003122                _ZN14HardwareSerial4peekEv
 .text._ZN14HardwareSerial4readEv
                0x0000313e       0x28 D:\Competitions\eYRC 2016\Code\ATMEL\Git\Balance_Bot_2403\ArduinoCore\Debug\libArduinoCore.a(HardwareSerial.o)
                0x0000313e                _ZN14HardwareSerial4readEv
 .text._Z14serialEventRunv
                0x00003166       0x78 D:\Competitions\eYRC 2016\Code\ATMEL\Git\Balance_Bot_2403\ArduinoCore\Debug\libArduinoCore.a(HardwareSerial.o)
                0x00003166                _Z14serialEventRunv
 .text._ZN14HardwareSerial17_tx_udr_empty_irqEv
                0x000031de       0x42 D:\Competitions\eYRC 2016\Code\ATMEL\Git\Balance_Bot_2403\ArduinoCore\Debug\libArduinoCore.a(HardwareSerial.o)
                0x000031de                _ZN14HardwareSerial17_tx_udr_empty_irqEv
 .text._ZN14HardwareSerial5flushEv
                0x00003220       0x42 D:\Competitions\eYRC 2016\Code\ATMEL\Git\Balance_Bot_2403\ArduinoCore\Debug\libArduinoCore.a(HardwareSerial.o)
                0x00003220                _ZN14HardwareSerial5flushEv
 .text._ZN14HardwareSerial5writeEh
                0x00003262       0x8c D:\Competitions\eYRC 2016\Code\ATMEL\Git\Balance_Bot_2403\ArduinoCore\Debug\libArduinoCore.a(HardwareSerial.o)
                0x00003262                _ZN14HardwareSerial5writeEh
 .text._ZN14HardwareSerial5beginEmh
                0x000032ee       0xca D:\Competitions\eYRC 2016\Code\ATMEL\Git\Balance_Bot_2403\ArduinoCore\Debug\libArduinoCore.a(HardwareSerial.o)
                0x000032ee                _ZN14HardwareSerial5beginEmh
 .text.__vector_25
                0x000033b8       0x6c D:\Competitions\eYRC 2016\Code\ATMEL\Git\Balance_Bot_2403\ArduinoCore\Debug\libArduinoCore.a(HardwareSerial0.o)
                0x000033b8                __vector_25
 .text.__vector_26
                0x00003424       0x52 D:\Competitions\eYRC 2016\Code\ATMEL\Git\Balance_Bot_2403\ArduinoCore\Debug\libArduinoCore.a(HardwareSerial0.o)
                0x00003424                __vector_26
 .text._Z17Serial0_availablev
                0x00003476       0x12 D:\Competitions\eYRC 2016\Code\ATMEL\Git\Balance_Bot_2403\ArduinoCore\Debug\libArduinoCore.a(HardwareSerial0.o)
                0x00003476                _Z17Serial0_availablev
 .text.startup._GLOBAL__sub_I___vector_25
                0x00003488       0x5a D:\Competitions\eYRC 2016\Code\ATMEL\Git\Balance_Bot_2403\ArduinoCore\Debug\libArduinoCore.a(HardwareSerial0.o)
 .text.initVariant
                0x000034e2        0x2 D:\Competitions\eYRC 2016\Code\ATMEL\Git\Balance_Bot_2403\ArduinoCore\Debug\libArduinoCore.a(main.o)
                0x000034e2                initVariant
 .text.startup.main
                0x000034e4       0x18 D:\Competitions\eYRC 2016\Code\ATMEL\Git\Balance_Bot_2403\ArduinoCore\Debug\libArduinoCore.a(main.o)
                0x000034e4                main
 .text._ZN5Print5writeEPKhj
                0x000034fc       0x56 D:\Competitions\eYRC 2016\Code\ATMEL\Git\Balance_Bot_2403\ArduinoCore\Debug\libArduinoCore.a(Print.o)
                0x000034fc                _ZN5Print5writeEPKhj
 .text._Z4tonehjm
                0x00003552      0x6b2 D:\Competitions\eYRC 2016\Code\ATMEL\Git\Balance_Bot_2403\ArduinoCore\Debug\libArduinoCore.a(Tone.o)
                0x00003552                _Z4tonehjm
 .text._Z12disableTimerh
                0x00003c04       0x74 D:\Competitions\eYRC 2016\Code\ATMEL\Git\Balance_Bot_2403\ArduinoCore\Debug\libArduinoCore.a(Tone.o)
                0x00003c04                _Z12disableTimerh
 .text._Z6noToneh
                0x00003c78       0x28 D:\Competitions\eYRC 2016\Code\ATMEL\Git\Balance_Bot_2403\ArduinoCore\Debug\libArduinoCore.a(Tone.o)
                0x00003c78                _Z6noToneh
 .text.__vector_13
                0x00003ca0       0xbe D:\Competitions\eYRC 2016\Code\ATMEL\Git\Balance_Bot_2403\ArduinoCore\Debug\libArduinoCore.a(Tone.o)
                0x00003ca0                __vector_13
 .text.nothing  0x00003d5e        0x2 D:\Competitions\eYRC 2016\Code\ATMEL\Git\Balance_Bot_2403\ArduinoCore\Debug\libArduinoCore.a(WInterrupts.o)
 .text.attachInterrupt
                0x00003d60       0xe6 D:\Competitions\eYRC 2016\Code\ATMEL\Git\Balance_Bot_2403\ArduinoCore\Debug\libArduinoCore.a(WInterrupts.o)
                0x00003d60                attachInterrupt
 .text.__vector_1
                0x00003e46       0x56 D:\Competitions\eYRC 2016\Code\ATMEL\Git\Balance_Bot_2403\ArduinoCore\Debug\libArduinoCore.a(WInterrupts.o)
                0x00003e46                __vector_1
 .text.__vector_2
                0x00003e9c       0x56 D:\Competitions\eYRC 2016\Code\ATMEL\Git\Balance_Bot_2403\ArduinoCore\Debug\libArduinoCore.a(WInterrupts.o)
                0x00003e9c                __vector_2
 .text.__vector_3
                0x00003ef2       0x56 D:\Competitions\eYRC 2016\Code\ATMEL\Git\Balance_Bot_2403\ArduinoCore\Debug\libArduinoCore.a(WInterrupts.o)
                0x00003ef2                __vector_3
 .text.__vector_4
                0x00003f48       0x56 D:\Competitions\eYRC 2016\Code\ATMEL\Git\Balance_Bot_2403\ArduinoCore\Debug\libArduinoCore.a(WInterrupts.o)
                0x00003f48                __vector_4
 .text.__vector_5
                0x00003f9e       0x56 D:\Competitions\eYRC 2016\Code\ATMEL\Git\Balance_Bot_2403\ArduinoCore\Debug\libArduinoCore.a(WInterrupts.o)
                0x00003f9e                __vector_5
 .text.__vector_6
                0x00003ff4       0x56 D:\Competitions\eYRC 2016\Code\ATMEL\Git\Balance_Bot_2403\ArduinoCore\Debug\libArduinoCore.a(WInterrupts.o)
                0x00003ff4                __vector_6
 .text.__vector_7
                0x0000404a       0x56 D:\Competitions\eYRC 2016\Code\ATMEL\Git\Balance_Bot_2403\ArduinoCore\Debug\libArduinoCore.a(WInterrupts.o)
                0x0000404a                __vector_7
 .text.__vector_8
                0x000040a0       0x56 D:\Competitions\eYRC 2016\Code\ATMEL\Git\Balance_Bot_2403\ArduinoCore\Debug\libArduinoCore.a(WInterrupts.o)
                0x000040a0                __vector_8
 .text.__vector_23
                0x000040f6       0x94 D:\Competitions\eYRC 2016\Code\ATMEL\Git\Balance_Bot_2403\ArduinoCore\Debug\libArduinoCore.a(wiring.o)
                0x000040f6                __vector_23
 .text.millis   0x0000418a       0x18 D:\Competitions\eYRC 2016\Code\ATMEL\Git\Balance_Bot_2403\ArduinoCore\Debug\libArduinoCore.a(wiring.o)
                0x0000418a                millis
 .text.init     0x000041a2       0xc4 D:\Competitions\eYRC 2016\Code\ATMEL\Git\Balance_Bot_2403\ArduinoCore\Debug\libArduinoCore.a(wiring.o)
                0x000041a2                init
 .text.analogWrite
                0x00004266      0x18c D:\Competitions\eYRC 2016\Code\ATMEL\Git\Balance_Bot_2403\ArduinoCore\Debug\libArduinoCore.a(wiring_analog.o)
                0x00004266                analogWrite
 .text.turnOffPWM
                0x000043f2       0xaa D:\Competitions\eYRC 2016\Code\ATMEL\Git\Balance_Bot_2403\ArduinoCore\Debug\libArduinoCore.a(wiring_digital.o)
 .text.pinMode  0x0000449c       0x78 D:\Competitions\eYRC 2016\Code\ATMEL\Git\Balance_Bot_2403\ArduinoCore\Debug\libArduinoCore.a(wiring_digital.o)
                0x0000449c                pinMode
 .text.digitalWrite
                0x00004514       0x5e D:\Competitions\eYRC 2016\Code\ATMEL\Git\Balance_Bot_2403\ArduinoCore\Debug\libArduinoCore.a(wiring_digital.o)
                0x00004514                digitalWrite
 .text._Z3maplllll
                0x00004572       0x7e D:\Competitions\eYRC 2016\Code\ATMEL\Git\Balance_Bot_2403\ArduinoCore\Debug\libArduinoCore.a(WMath.o)
                0x00004572                _Z3maplllll
 .text.libgcc.mul
                0x000045f0       0x1e c:/program files (x86)/atmel/studio/7.0/toolchain/avr8/avr8-gnu-toolchain/bin/../lib/gcc/avr/4.9.2/avr6\libgcc.a(_mulsi3.o)
                0x000045f0                __mulsi3
 .text.libgcc.div
                0x0000460e       0x28 c:/program files (x86)/atmel/studio/7.0/toolchain/avr8/avr8-gnu-toolchain/bin/../lib/gcc/avr/4.9.2/avr6\libgcc.a(_udivmodhi4.o)
                0x0000460e                __udivmodhi4
 .text.libgcc.div
                0x00004636       0x44 c:/program files (x86)/atmel/studio/7.0/toolchain/avr8/avr8-gnu-toolchain/bin/../lib/gcc/avr/4.9.2/avr6\libgcc.a(_udivmodsi4.o)
                0x00004636                __udivmodsi4
 .text.libgcc.div
                0x0000467a       0x28 c:/program files (x86)/atmel/studio/7.0/toolchain/avr8/avr8-gnu-toolchain/bin/../lib/gcc/avr/4.9.2/avr6\libgcc.a(_divmodsi4.o)
                0x0000467a                __divmodsi4
 .text.libgcc.div
                0x000046a2       0x10 c:/program files (x86)/atmel/studio/7.0/toolchain/avr8/avr8-gnu-toolchain/bin/../lib/gcc/avr/4.9.2/avr6\libgcc.a(_negsi2.o)
                0x000046a2                __negsi2
 .text.libgcc   0x000046b2       0x10 c:/program files (x86)/atmel/studio/7.0/toolchain/avr8/avr8-gnu-toolchain/bin/../lib/gcc/avr/4.9.2/avr6\libgcc.a(_tablejump2.o)
                0x000046b2                __tablejump2__
 .text.libgcc.mul
                0x000046c2       0x14 c:/program files (x86)/atmel/studio/7.0/toolchain/avr8/avr8-gnu-toolchain/bin/../lib/gcc/avr/4.9.2/avr6\libgcc.a(_muluhisi3.o)
                0x000046c2                __muluhisi3
 .text.libgcc.mul
                0x000046d6       0x1e c:/program files (x86)/atmel/studio/7.0/toolchain/avr8/avr8-gnu-toolchain/bin/../lib/gcc/avr/4.9.2/avr6\libgcc.a(_umulhisi3.o)
                0x000046d6                __umulhisi3
                0x000046f4                . = ALIGN (0x2)
 *(.fini9)
 .fini9         0x000046f4        0x0 c:/program files (x86)/atmel/studio/7.0/toolchain/avr8/avr8-gnu-toolchain/bin/../lib/gcc/avr/4.9.2/avr6\libgcc.a(_exit.o)
                0x000046f4                _exit
                0x000046f4                exit
 *(.fini9)
 *(.fini8)
 *(.fini8)
 *(.fini7)
 *(.fini7)
 *(.fini6)
 *(.fini6)
 *(.fini5)
 *(.fini5)
 *(.fini4)
 *(.fini4)
 *(.fini3)
 *(.fini3)
 *(.fini2)
 *(.fini2)
 *(.fini1)
 *(.fini1)
 *(.fini0)
 .fini0         0x000046f4        0x4 c:/program files (x86)/atmel/studio/7.0/toolchain/avr8/avr8-gnu-toolchain/bin/../lib/gcc/avr/4.9.2/avr6\libgcc.a(_exit.o)
 *(.fini0)
                0x000046f8                _etext = .

.data           0x00800200      0x322 load address 0x000046f8
                0x00800200                PROVIDE (__data_start, .)
 *(.data)
 *(.data*)
 .data.encoder  0x00800200       0x36 Balance_Bot_2403.o
                0x00800200                encoder
 .data.velocity
                0x00800236       0x36 Balance_Bot_2403.o
                0x00800236                velocity
 .data.angle    0x0080026c       0x36 Balance_Bot_2403.o
                0x0080026c                angle
 .data.STOP_FLAG
                0x008002a2        0x1 Balance_Bot_2403.o
                0x008002a2                STOP_FLAG
 .data.max_angle_enc
                0x008002a3        0x4 Balance_Bot_2403.o
                0x008002a3                max_angle_enc
 .data.max_angle_vel
                0x008002a7        0x4 Balance_Bot_2403.o
                0x008002a7                max_angle_vel
 .data.song_mission
                0x008002ab        0x2 Indicators/indicators.o
                0x008002ab                song_mission
 .data.song_buzzer2
                0x008002ad        0x2 Indicators/indicators.o
                0x008002ad                song_buzzer2
 .data.song_buzzer
                0x008002af        0x2 Indicators/indicators.o
                0x008002af                song_buzzer
 .data.song_ready
                0x008002b1        0x2 Indicators/indicators.o
                0x008002b1                song_ready
 .data.song_startup
                0x008002b3        0x2 Indicators/indicators.o
                0x008002b3                song_startup
 .data.STOP_INDICATOR
                0x008002b5        0x1 Indicators/indicators.o
                0x008002b5                STOP_INDICATOR
 .data.BUZZER_SONG
                0x008002b6        0x1 Indicators/indicators.o
                0x008002b6                BUZZER_SONG
 .data.INITIAL_FLAG
                0x008002b7        0x1 Indicators/indicators.o
                0x008002b7                INITIAL_FLAG
 .data._ZN8anyrtttl7_millisE
                0x008002b8        0x2 Tones/anyrtttl.o
                0x008002b8                _ZN8anyrtttl7_millisE
 .data._ZN8anyrtttl7_noToneE
                0x008002ba        0x2 Tones/anyrtttl.o
                0x008002ba                _ZN8anyrtttl7_noToneE
 .data._ZN8anyrtttl5_toneE
                0x008002bc        0x2 Tones/anyrtttl.o
                0x008002bc                _ZN8anyrtttl5_toneE
 .data._ZN8anyrtttl3pinE
                0x008002be        0x1 Tones/anyrtttl.o
                0x008002be                _ZN8anyrtttl3pinE
 .data._ZN8anyrtttl3bpmE
                0x008002bf        0x2 Tones/anyrtttl.o
                0x008002bf                _ZN8anyrtttl3bpmE
 .data._ZN8anyrtttl11default_octE
                0x008002c1        0x1 Tones/anyrtttl.o
                0x008002c1                _ZN8anyrtttl11default_octE
 .data._ZN8anyrtttl11default_durE
                0x008002c2        0x1 Tones/anyrtttl.o
                0x008002c2                _ZN8anyrtttl11default_durE
 .data._ZN8anyrtttl11bufferIndexE
                0x008002c3        0x2 Tones/anyrtttl.o
                0x008002c3                _ZN8anyrtttl11bufferIndexE
 .data._ZN8anyrtttl6bufferE
                0x008002c5        0x2 Tones/anyrtttl.o
                0x008002c5                _ZN8anyrtttl6bufferE
 .data._ZL9tone_pins
                0x008002c7        0x1 D:\Competitions\eYRC 2016\Code\ATMEL\Git\Balance_Bot_2403\ArduinoCore\Debug\libArduinoCore.a(Tone.o)
 .data.intFunc  0x008002c8       0x10 D:\Competitions\eYRC 2016\Code\ATMEL\Git\Balance_Bot_2403\ArduinoCore\Debug\libArduinoCore.a(WInterrupts.o)
 *(.rodata)
 *(.rodata*)
 .rodata.str1.1
                0x008002d8      0x1bf Indicators/indicators.o
 .rodata._ZN8anyrtttlL5notesE
                0x00800497       0x62 Tones/anyrtttl.o
 .rodata.str1.1
                0x008004f9      0x1bf Tones/anyrtttl.o
                                  0x1 (size before relaxing)
 .rodata._ZN8anyrtttlL12gNoteOffsetsE
                0x008004f9       0x10 Tones/binrtttl.o
 .rodata._ZN8anyrtttlL12gNoteLettersE
                0x00800509        0x8 Tones/binrtttl.o
 .rodata._ZTV14HardwareSerial
                0x00800511       0x10 D:\Competitions\eYRC 2016\Code\ATMEL\Git\Balance_Bot_2403\ArduinoCore\Debug\libArduinoCore.a(HardwareSerial.o)
                0x00800511                _ZTV14HardwareSerial
 *(.gnu.linkonce.d*)
                0x008006b8                . = ALIGN (0x2)
 *fill*         0x00800521        0x1 
                0x00800522                _edata = .
                0x00800522                PROVIDE (__data_end, .)

.bss            0x00800522      0x147
                0x00800522                PROVIDE (__bss_start, .)
 *(.bss)
 *(.bss*)
 .bss.SLOPE_FLAG
                0x00800522        0x1 Balance_Bot_2403.o
                0x00800522                SLOPE_FLAG
 .bss.ROTATION_FLAG
                0x00800523        0x1 Balance_Bot_2403.o
                0x00800523                ROTATION_FLAG
 .bss.last_task_time_PID
                0x00800524        0x4 Balance_Bot_2403.o
                0x00800524                last_task_time_PID
 .bss.right_prev_count
                0x00800528        0x4 Balance_Bot_2403.o
                0x00800528                right_prev_count
 .bss.left_prev_count
                0x0080052c        0x4 Balance_Bot_2403.o
                0x0080052c                left_prev_count
 .bss.right_RPM
                0x00800530        0x4 Balance_Bot_2403.o
                0x00800530                right_RPM
 .bss.left_RPM  0x00800534        0x4 Balance_Bot_2403.o
                0x00800534                left_RPM
 .bss.rotation_right
                0x00800538        0x4 Balance_Bot_2403.o
                0x00800538                rotation_right
 .bss.rotation_left
                0x0080053c        0x4 Balance_Bot_2403.o
                0x0080053c                rotation_left
 .bss.gyro_angle
                0x00800540        0x4 Balance_Bot_2403.o
                0x00800540                gyro_angle
 .bss.accel_angle
                0x00800544        0x4 Balance_Bot_2403.o
                0x00800544                accel_angle
 .bss.move_offset
                0x00800548        0x4 Balance_Bot_2403.o
                0x00800548                move_offset
 .bss.slope_offset
                0x0080054c        0x4 Balance_Bot_2403.o
                0x0080054c                slope_offset
 .bss.joystick  0x00800550       0x18 Controller/controller.o
                0x00800550                joystick
 .bss.last_time
                0x00800568        0x4 Gyroscope/gyro.o
                0x00800568                last_time
 .bss.error_time
                0x0080056c        0x4 Indicators/indicators.o
                0x0080056c                error_time
 .bss.buzz_time
                0x00800570        0x4 Indicators/indicators.o
                0x00800570                buzz_time
 .bss.SLOPE_INDICATOR
                0x00800574        0x1 Indicators/indicators.o
                0x00800574                SLOPE_INDICATOR
 .bss.BACK_INDICATOR
                0x00800575        0x1 Indicators/indicators.o
                0x00800575                BACK_INDICATOR
 .bss.FRONT_INDICATOR
                0x00800576        0x1 Indicators/indicators.o
                0x00800576                FRONT_INDICATOR
 .bss.RIGHT_INDICATOR
                0x00800577        0x1 Indicators/indicators.o
                0x00800577                RIGHT_INDICATOR
 .bss.LEFT_INDICATOR
                0x00800578        0x1 Indicators/indicators.o
                0x00800578                LEFT_INDICATOR
 .bss.ERROR_STATE
                0x00800579        0x1 Indicators/indicators.o
                0x00800579                ERROR_STATE
 .bss.READY_FLAG
                0x0080057a        0x1 Indicators/indicators.o
                0x0080057a                READY_FLAG
 .bss.BUZZER_STATE
                0x0080057b        0x1 Indicators/indicators.o
                0x0080057b                BUZZER_STATE
 .bss.right_encoder_count
                0x0080057c        0x4 Motors/motors.o
                0x0080057c                right_encoder_count
 .bss.left_encoder_count
                0x00800580        0x4 Motors/motors.o
                0x00800580                left_encoder_count
 .bss.time_sec  0x00800584        0x4 Timers/timers.o
                0x00800584                time_sec
 .bss.time_ms   0x00800588        0x4 Timers/timers.o
                0x00800588                time_ms
 .bss._ZN8anyrtttl9tmpNumberE
                0x0080058c        0x2 Tones/anyrtttl.o
                0x0080058c                _ZN8anyrtttl9tmpNumberE
 .bss._ZN8anyrtttl5scaleE
                0x0080058e        0x1 Tones/anyrtttl.o
                0x0080058e                _ZN8anyrtttl5scaleE
 .bss._ZN8anyrtttl10noteOffsetE
                0x0080058f        0x1 Tones/anyrtttl.o
                0x0080058f                _ZN8anyrtttl10noteOffsetE
 .bss._ZN8anyrtttl8durationE
                0x00800590        0x2 Tones/anyrtttl.o
                0x00800590                _ZN8anyrtttl8durationE
 .bss._ZN8anyrtttl7playingE
                0x00800592        0x1 Tones/anyrtttl.o
                0x00800592                _ZN8anyrtttl7playingE
 .bss._ZN8anyrtttl15delayToNextNoteE
                0x00800593        0x4 Tones/anyrtttl.o
                0x00800593                _ZN8anyrtttl15delayToNextNoteE
 .bss._ZN8anyrtttl9wholenoteE
                0x00800597        0x2 Tones/anyrtttl.o
                0x00800597                _ZN8anyrtttl9wholenoteE
 .bss.Serial    0x00800599       0x9d D:\Competitions\eYRC 2016\Code\ATMEL\Git\Balance_Bot_2403\ArduinoCore\Debug\libArduinoCore.a(HardwareSerial0.o)
                0x00800599                Serial
 .bss.timer5_pin_mask
                0x00800636        0x1 D:\Competitions\eYRC 2016\Code\ATMEL\Git\Balance_Bot_2403\ArduinoCore\Debug\libArduinoCore.a(Tone.o)
                0x00800636                timer5_pin_mask
 .bss.timer5_pin_port
                0x00800637        0x2 D:\Competitions\eYRC 2016\Code\ATMEL\Git\Balance_Bot_2403\ArduinoCore\Debug\libArduinoCore.a(Tone.o)
                0x00800637                timer5_pin_port
 .bss.timer5_toggle_count
                0x00800639        0x4 D:\Competitions\eYRC 2016\Code\ATMEL\Git\Balance_Bot_2403\ArduinoCore\Debug\libArduinoCore.a(Tone.o)
                0x00800639                timer5_toggle_count
 .bss.timer4_pin_mask
                0x0080063d        0x1 D:\Competitions\eYRC 2016\Code\ATMEL\Git\Balance_Bot_2403\ArduinoCore\Debug\libArduinoCore.a(Tone.o)
                0x0080063d                timer4_pin_mask
 .bss.timer4_pin_port
                0x0080063e        0x2 D:\Competitions\eYRC 2016\Code\ATMEL\Git\Balance_Bot_2403\ArduinoCore\Debug\libArduinoCore.a(Tone.o)
                0x0080063e                timer4_pin_port
 .bss.timer4_toggle_count
                0x00800640        0x4 D:\Competitions\eYRC 2016\Code\ATMEL\Git\Balance_Bot_2403\ArduinoCore\Debug\libArduinoCore.a(Tone.o)
                0x00800640                timer4_toggle_count
 .bss.timer3_pin_mask
                0x00800644        0x1 D:\Competitions\eYRC 2016\Code\ATMEL\Git\Balance_Bot_2403\ArduinoCore\Debug\libArduinoCore.a(Tone.o)
                0x00800644                timer3_pin_mask
 .bss.timer3_pin_port
                0x00800645        0x2 D:\Competitions\eYRC 2016\Code\ATMEL\Git\Balance_Bot_2403\ArduinoCore\Debug\libArduinoCore.a(Tone.o)
                0x00800645                timer3_pin_port
 .bss.timer3_toggle_count
                0x00800647        0x4 D:\Competitions\eYRC 2016\Code\ATMEL\Git\Balance_Bot_2403\ArduinoCore\Debug\libArduinoCore.a(Tone.o)
                0x00800647                timer3_toggle_count
 .bss.timer2_pin_mask
                0x0080064b        0x1 D:\Competitions\eYRC 2016\Code\ATMEL\Git\Balance_Bot_2403\ArduinoCore\Debug\libArduinoCore.a(Tone.o)
                0x0080064b                timer2_pin_mask
 .bss.timer2_pin_port
                0x0080064c        0x2 D:\Competitions\eYRC 2016\Code\ATMEL\Git\Balance_Bot_2403\ArduinoCore\Debug\libArduinoCore.a(Tone.o)
                0x0080064c                timer2_pin_port
 .bss.timer2_toggle_count
                0x0080064e        0x4 D:\Competitions\eYRC 2016\Code\ATMEL\Git\Balance_Bot_2403\ArduinoCore\Debug\libArduinoCore.a(Tone.o)
                0x0080064e                timer2_toggle_count
 .bss.timer1_pin_mask
                0x00800652        0x1 D:\Competitions\eYRC 2016\Code\ATMEL\Git\Balance_Bot_2403\ArduinoCore\Debug\libArduinoCore.a(Tone.o)
                0x00800652                timer1_pin_mask
 .bss.timer1_pin_port
                0x00800653        0x2 D:\Competitions\eYRC 2016\Code\ATMEL\Git\Balance_Bot_2403\ArduinoCore\Debug\libArduinoCore.a(Tone.o)
                0x00800653                timer1_pin_port
 .bss.timer1_toggle_count
                0x00800655        0x4 D:\Competitions\eYRC 2016\Code\ATMEL\Git\Balance_Bot_2403\ArduinoCore\Debug\libArduinoCore.a(Tone.o)
                0x00800655                timer1_toggle_count
 .bss.timer0_pin_mask
                0x00800659        0x1 D:\Competitions\eYRC 2016\Code\ATMEL\Git\Balance_Bot_2403\ArduinoCore\Debug\libArduinoCore.a(Tone.o)
                0x00800659                timer0_pin_mask
 .bss.timer0_pin_port
                0x0080065a        0x2 D:\Competitions\eYRC 2016\Code\ATMEL\Git\Balance_Bot_2403\ArduinoCore\Debug\libArduinoCore.a(Tone.o)
                0x0080065a                timer0_pin_port
 .bss.timer0_toggle_count
                0x0080065c        0x4 D:\Competitions\eYRC 2016\Code\ATMEL\Git\Balance_Bot_2403\ArduinoCore\Debug\libArduinoCore.a(Tone.o)
                0x0080065c                timer0_toggle_count
 .bss.timer0_fract
                0x00800660        0x1 D:\Competitions\eYRC 2016\Code\ATMEL\Git\Balance_Bot_2403\ArduinoCore\Debug\libArduinoCore.a(wiring.o)
 .bss.timer0_millis
                0x00800661        0x4 D:\Competitions\eYRC 2016\Code\ATMEL\Git\Balance_Bot_2403\ArduinoCore\Debug\libArduinoCore.a(wiring.o)
                0x00800661                timer0_millis
 .bss.timer0_overflow_count
                0x00800665        0x4 D:\Competitions\eYRC 2016\Code\ATMEL\Git\Balance_Bot_2403\ArduinoCore\Debug\libArduinoCore.a(wiring.o)
                0x00800665                timer0_overflow_count
 *(COMMON)
                0x00800669                PROVIDE (__bss_end, .)
                0x000046f8                __data_load_start = LOADADDR (.data)
                0x00004a1a                __data_load_end = (__data_load_start + SIZEOF (.data))

.noinit         0x00800669        0x0
                [!provide]                PROVIDE (__noinit_start, .)
 *(.noinit*)
                [!provide]                PROVIDE (__noinit_end, .)
                0x00800669                _end = .
                [!provide]                PROVIDE (__heap_start, .)

.eeprom         0x00810000        0x0
 *(.eeprom*)
                0x00810000                __eeprom_end = .

.fuse
 *(.fuse)
 *(.lfuse)
 *(.hfuse)
 *(.efuse)

.lock
 *(.lock*)

.signature
 *(.signature*)

.user_signatures
 *(.user_signatures*)

.stab
 *(.stab)

.stabstr
 *(.stabstr)

.stab.excl
 *(.stab.excl)

.stab.exclstr
 *(.stab.exclstr)

.stab.index
 *(.stab.index)

.stab.indexstr
 *(.stab.indexstr)

.comment        0x00000000       0x30
 *(.comment)
 .comment       0x00000000       0x30 Accelerometer/accel.o
                                 0x31 (size before relaxing)
 .comment       0x00000030       0x31 Balance_Bot_2403.o
 .comment       0x00000030       0x31 Controller/controller.o
 .comment       0x00000030       0x31 Gyroscope/gyro.o
 .comment       0x00000030       0x31 I2C/i2c_lib.o
 .comment       0x00000030       0x31 Indicators/indicators.o
 .comment       0x00000030       0x31 Motors/motors.o
 .comment       0x00000030       0x31 Support/support_lib.o
 .comment       0x00000030       0x31 Timers/timers.o
 .comment       0x00000030       0x31 Tones/anyrtttl.o
 .comment       0x00000030       0x31 Tones/binrtttl.o
 .comment       0x00000030       0x31 D:\Competitions\eYRC 2016\Code\ATMEL\Git\Balance_Bot_2403\ArduinoCore\Debug\libArduinoCore.a(HardwareSerial.o)
 .comment       0x00000030       0x31 D:\Competitions\eYRC 2016\Code\ATMEL\Git\Balance_Bot_2403\ArduinoCore\Debug\libArduinoCore.a(HardwareSerial0.o)
 .comment       0x00000030       0x31 D:\Competitions\eYRC 2016\Code\ATMEL\Git\Balance_Bot_2403\ArduinoCore\Debug\libArduinoCore.a(main.o)
 .comment       0x00000030       0x31 D:\Competitions\eYRC 2016\Code\ATMEL\Git\Balance_Bot_2403\ArduinoCore\Debug\libArduinoCore.a(Print.o)
 .comment       0x00000030       0x31 D:\Competitions\eYRC 2016\Code\ATMEL\Git\Balance_Bot_2403\ArduinoCore\Debug\libArduinoCore.a(Tone.o)
 .comment       0x00000030       0x31 D:\Competitions\eYRC 2016\Code\ATMEL\Git\Balance_Bot_2403\ArduinoCore\Debug\libArduinoCore.a(WInterrupts.o)
 .comment       0x00000030       0x31 D:\Competitions\eYRC 2016\Code\ATMEL\Git\Balance_Bot_2403\ArduinoCore\Debug\libArduinoCore.a(wiring.o)
 .comment       0x00000030       0x31 D:\Competitions\eYRC 2016\Code\ATMEL\Git\Balance_Bot_2403\ArduinoCore\Debug\libArduinoCore.a(wiring_analog.o)
 .comment       0x00000030       0x31 D:\Competitions\eYRC 2016\Code\ATMEL\Git\Balance_Bot_2403\ArduinoCore\Debug\libArduinoCore.a(wiring_digital.o)
 .comment       0x00000030       0x31 D:\Competitions\eYRC 2016\Code\ATMEL\Git\Balance_Bot_2403\ArduinoCore\Debug\libArduinoCore.a(WMath.o)

.note.gnu.avr.deviceinfo
                0x00000000       0x40
 .note.gnu.avr.deviceinfo
                0x00000000       0x40 C:/Program Files (x86)/Atmel/Studio/7.0/Packs/atmel/ATmega_DFP/1.1.130/gcc/dev/atmega2560/avr6/crtatmega2560.o

.note.gnu.build-id
 *(.note.gnu.build-id)

.debug
 *(.debug)

.line
 *(.line)

.debug_srcinfo
 *(.debug_srcinfo)

.debug_sfnames
 *(.debug_sfnames)

.debug_aranges  0x00000000      0x7f8
 *(.debug_aranges)
 .debug_aranges
                0x00000000       0x38 Accelerometer/accel.o
 .debug_aranges
                0x00000038       0x98 Balance_Bot_2403.o
 .debug_aranges
                0x000000d0       0x28 Controller/controller.o
 .debug_aranges
                0x000000f8       0x38 Gyroscope/gyro.o
 .debug_aranges
                0x00000130       0x70 I2C/i2c_lib.o
 .debug_aranges
                0x000001a0       0xd8 Indicators/indicators.o
 .debug_aranges
                0x00000278       0x68 Motors/motors.o
 .debug_aranges
                0x000002e0       0x30 Support/support_lib.o
 .debug_aranges
                0x00000310       0x58 Timers/timers.o
 .debug_aranges
                0x00000368       0xa0 Tones/anyrtttl.o
 .debug_aranges
                0x00000408       0x88 Tones/binrtttl.o
 .debug_aranges
                0x00000490       0x68 D:\Competitions\eYRC 2016\Code\ATMEL\Git\Balance_Bot_2403\ArduinoCore\Debug\libArduinoCore.a(HardwareSerial.o)
 .debug_aranges
                0x000004f8       0x38 D:\Competitions\eYRC 2016\Code\ATMEL\Git\Balance_Bot_2403\ArduinoCore\Debug\libArduinoCore.a(HardwareSerial0.o)
 .debug_aranges
                0x00000530       0x38 D:\Competitions\eYRC 2016\Code\ATMEL\Git\Balance_Bot_2403\ArduinoCore\Debug\libArduinoCore.a(main.o)
 .debug_aranges
                0x00000568       0xf0 D:\Competitions\eYRC 2016\Code\ATMEL\Git\Balance_Bot_2403\ArduinoCore\Debug\libArduinoCore.a(Print.o)
 .debug_aranges
                0x00000658       0x38 D:\Competitions\eYRC 2016\Code\ATMEL\Git\Balance_Bot_2403\ArduinoCore\Debug\libArduinoCore.a(Tone.o)
 .debug_aranges
                0x00000690       0x70 D:\Competitions\eYRC 2016\Code\ATMEL\Git\Balance_Bot_2403\ArduinoCore\Debug\libArduinoCore.a(WInterrupts.o)
 .debug_aranges
                0x00000700       0x48 D:\Competitions\eYRC 2016\Code\ATMEL\Git\Balance_Bot_2403\ArduinoCore\Debug\libArduinoCore.a(wiring.o)
 .debug_aranges
                0x00000748       0x30 D:\Competitions\eYRC 2016\Code\ATMEL\Git\Balance_Bot_2403\ArduinoCore\Debug\libArduinoCore.a(wiring_analog.o)
 .debug_aranges
                0x00000778       0x38 D:\Competitions\eYRC 2016\Code\ATMEL\Git\Balance_Bot_2403\ArduinoCore\Debug\libArduinoCore.a(wiring_digital.o)
 .debug_aranges
                0x000007b0       0x48 D:\Competitions\eYRC 2016\Code\ATMEL\Git\Balance_Bot_2403\ArduinoCore\Debug\libArduinoCore.a(WMath.o)

.debug_pubnames
 *(.debug_pubnames)

.debug_info     0x00000000     0xed6e
 *(.debug_info .gnu.linkonce.wi.*)
 .debug_info    0x00000000      0xbbc C:/Program Files (x86)/Atmel/Studio/7.0/Packs/atmel/ATmega_DFP/1.1.130/gcc/dev/atmega2560/avr6/crtatmega2560.o
 .debug_info    0x00000bbc      0x4a5 Accelerometer/accel.o
 .debug_info    0x00001061      0xcc0 Balance_Bot_2403.o
 .debug_info    0x00001d21      0x57d Controller/controller.o
 .debug_info    0x0000229e      0x399 Gyroscope/gyro.o
 .debug_info    0x00002637      0x85b I2C/i2c_lib.o
 .debug_info    0x00002e92     0x119e Indicators/indicators.o
 .debug_info    0x00004030      0x78c Motors/motors.o
 .debug_info    0x000047bc      0x42b Support/support_lib.o
 .debug_info    0x00004be7      0x171 Timers/timers.o
 .debug_info    0x00004d58     0x167f Tones/anyrtttl.o
 .debug_info    0x000063d7      0x844 Tones/binrtttl.o
 .debug_info    0x00006c1b     0x1ebf D:\Competitions\eYRC 2016\Code\ATMEL\Git\Balance_Bot_2403\ArduinoCore\Debug\libArduinoCore.a(HardwareSerial.o)
 .debug_info    0x00008ada     0x1a28 D:\Competitions\eYRC 2016\Code\ATMEL\Git\Balance_Bot_2403\ArduinoCore\Debug\libArduinoCore.a(HardwareSerial0.o)
 .debug_info    0x0000a502      0x28f D:\Competitions\eYRC 2016\Code\ATMEL\Git\Balance_Bot_2403\ArduinoCore\Debug\libArduinoCore.a(main.o)
 .debug_info    0x0000a791     0x29d9 D:\Competitions\eYRC 2016\Code\ATMEL\Git\Balance_Bot_2403\ArduinoCore\Debug\libArduinoCore.a(Print.o)
 .debug_info    0x0000d16a      0xa8c D:\Competitions\eYRC 2016\Code\ATMEL\Git\Balance_Bot_2403\ArduinoCore\Debug\libArduinoCore.a(Tone.o)
 .debug_info    0x0000dbf6      0x2fc D:\Competitions\eYRC 2016\Code\ATMEL\Git\Balance_Bot_2403\ArduinoCore\Debug\libArduinoCore.a(WInterrupts.o)
 .debug_info    0x0000def2      0x326 D:\Competitions\eYRC 2016\Code\ATMEL\Git\Balance_Bot_2403\ArduinoCore\Debug\libArduinoCore.a(wiring.o)
 .debug_info    0x0000e218      0x2e1 D:\Competitions\eYRC 2016\Code\ATMEL\Git\Balance_Bot_2403\ArduinoCore\Debug\libArduinoCore.a(wiring_analog.o)
 .debug_info    0x0000e4f9      0x635 D:\Competitions\eYRC 2016\Code\ATMEL\Git\Balance_Bot_2403\ArduinoCore\Debug\libArduinoCore.a(wiring_digital.o)
 .debug_info    0x0000eb2e      0x240 D:\Competitions\eYRC 2016\Code\ATMEL\Git\Balance_Bot_2403\ArduinoCore\Debug\libArduinoCore.a(WMath.o)

.debug_abbrev   0x00000000     0x3ad1
 *(.debug_abbrev)
 .debug_abbrev  0x00000000      0xb1a C:/Program Files (x86)/Atmel/Studio/7.0/Packs/atmel/ATmega_DFP/1.1.130/gcc/dev/atmega2560/avr6/crtatmega2560.o
 .debug_abbrev  0x00000b1a      0x19f Accelerometer/accel.o
 .debug_abbrev  0x00000cb9      0x38d Balance_Bot_2403.o
 .debug_abbrev  0x00001046      0x219 Controller/controller.o
 .debug_abbrev  0x0000125f      0x19b Gyroscope/gyro.o
 .debug_abbrev  0x000013fa      0x18a I2C/i2c_lib.o
 .debug_abbrev  0x00001584      0x30d Indicators/indicators.o
 .debug_abbrev  0x00001891      0x221 Motors/motors.o
 .debug_abbrev  0x00001ab2      0x1d4 Support/support_lib.o
 .debug_abbrev  0x00001c86       0xa8 Timers/timers.o
 .debug_abbrev  0x00001d2e      0x4d1 Tones/anyrtttl.o
 .debug_abbrev  0x000021ff      0x209 Tones/binrtttl.o
 .debug_abbrev  0x00002408      0x478 D:\Competitions\eYRC 2016\Code\ATMEL\Git\Balance_Bot_2403\ArduinoCore\Debug\libArduinoCore.a(HardwareSerial.o)
 .debug_abbrev  0x00002880      0x3b1 D:\Competitions\eYRC 2016\Code\ATMEL\Git\Balance_Bot_2403\ArduinoCore\Debug\libArduinoCore.a(HardwareSerial0.o)
 .debug_abbrev  0x00002c31      0x109 D:\Competitions\eYRC 2016\Code\ATMEL\Git\Balance_Bot_2403\ArduinoCore\Debug\libArduinoCore.a(main.o)
 .debug_abbrev  0x00002d3a      0x487 D:\Competitions\eYRC 2016\Code\ATMEL\Git\Balance_Bot_2403\ArduinoCore\Debug\libArduinoCore.a(Print.o)
 .debug_abbrev  0x000031c1      0x2a6 D:\Competitions\eYRC 2016\Code\ATMEL\Git\Balance_Bot_2403\ArduinoCore\Debug\libArduinoCore.a(Tone.o)
 .debug_abbrev  0x00003467       0xed D:\Competitions\eYRC 2016\Code\ATMEL\Git\Balance_Bot_2403\ArduinoCore\Debug\libArduinoCore.a(WInterrupts.o)
 .debug_abbrev  0x00003554      0x145 D:\Competitions\eYRC 2016\Code\ATMEL\Git\Balance_Bot_2403\ArduinoCore\Debug\libArduinoCore.a(wiring.o)
 .debug_abbrev  0x00003699      0x193 D:\Competitions\eYRC 2016\Code\ATMEL\Git\Balance_Bot_2403\ArduinoCore\Debug\libArduinoCore.a(wiring_analog.o)
 .debug_abbrev  0x0000382c      0x15a D:\Competitions\eYRC 2016\Code\ATMEL\Git\Balance_Bot_2403\ArduinoCore\Debug\libArduinoCore.a(wiring_digital.o)
 .debug_abbrev  0x00003986      0x14b D:\Competitions\eYRC 2016\Code\ATMEL\Git\Balance_Bot_2403\ArduinoCore\Debug\libArduinoCore.a(WMath.o)

.debug_line     0x00000000     0x4d2e
 *(.debug_line .debug_line.* .debug_line_end)
 .debug_line    0x00000000      0x1f9 C:/Program Files (x86)/Atmel/Studio/7.0/Packs/atmel/ATmega_DFP/1.1.130/gcc/dev/atmega2560/avr6/crtatmega2560.o
 .debug_line    0x000001f9      0x1c1 Accelerometer/accel.o
 .debug_line    0x000003ba      0x900 Balance_Bot_2403.o
 .debug_line    0x00000cba      0x317 Controller/controller.o
 .debug_line    0x00000fd1      0x138 Gyroscope/gyro.o
 .debug_line    0x00001109      0x444 I2C/i2c_lib.o
 .debug_line    0x0000154d      0x5d0 Indicators/indicators.o
 .debug_line    0x00001b1d      0x373 Motors/motors.o
 .debug_line    0x00001e90      0x1c7 Support/support_lib.o
 .debug_line    0x00002057      0x19c Timers/timers.o
 .debug_line    0x000021f3      0x830 Tones/anyrtttl.o
 .debug_line    0x00002a23      0x33e Tones/binrtttl.o
 .debug_line    0x00002d61      0x489 D:\Competitions\eYRC 2016\Code\ATMEL\Git\Balance_Bot_2403\ArduinoCore\Debug\libArduinoCore.a(HardwareSerial.o)
 .debug_line    0x000031ea      0x253 D:\Competitions\eYRC 2016\Code\ATMEL\Git\Balance_Bot_2403\ArduinoCore\Debug\libArduinoCore.a(HardwareSerial0.o)
 .debug_line    0x0000343d      0x171 D:\Competitions\eYRC 2016\Code\ATMEL\Git\Balance_Bot_2403\ArduinoCore\Debug\libArduinoCore.a(main.o)
 .debug_line    0x000035ae      0x63a D:\Competitions\eYRC 2016\Code\ATMEL\Git\Balance_Bot_2403\ArduinoCore\Debug\libArduinoCore.a(Print.o)
 .debug_line    0x00003be8      0x510 D:\Competitions\eYRC 2016\Code\ATMEL\Git\Balance_Bot_2403\ArduinoCore\Debug\libArduinoCore.a(Tone.o)
 .debug_line    0x000040f8      0x2da D:\Competitions\eYRC 2016\Code\ATMEL\Git\Balance_Bot_2403\ArduinoCore\Debug\libArduinoCore.a(WInterrupts.o)
 .debug_line    0x000043d2      0x2cb D:\Competitions\eYRC 2016\Code\ATMEL\Git\Balance_Bot_2403\ArduinoCore\Debug\libArduinoCore.a(wiring.o)
 .debug_line    0x0000469d      0x2c4 D:\Competitions\eYRC 2016\Code\ATMEL\Git\Balance_Bot_2403\ArduinoCore\Debug\libArduinoCore.a(wiring_analog.o)
 .debug_line    0x00004961      0x284 D:\Competitions\eYRC 2016\Code\ATMEL\Git\Balance_Bot_2403\ArduinoCore\Debug\libArduinoCore.a(wiring_digital.o)
 .debug_line    0x00004be5      0x149 D:\Competitions\eYRC 2016\Code\ATMEL\Git\Balance_Bot_2403\ArduinoCore\Debug\libArduinoCore.a(WMath.o)

.debug_frame    0x00000000     0x1a28
 *(.debug_frame)
 .debug_frame   0x00000000       0x90 Accelerometer/accel.o
 .debug_frame   0x00000090      0x358 Balance_Bot_2403.o
 .debug_frame   0x000003e8       0x9c Controller/controller.o
 .debug_frame   0x00000484       0xb4 Gyroscope/gyro.o
 .debug_frame   0x00000538      0x11c I2C/i2c_lib.o
 .debug_frame   0x00000654      0x208 Indicators/indicators.o
 .debug_frame   0x0000085c      0x16c Motors/motors.o
 .debug_frame   0x000009c8       0x64 Support/support_lib.o
 .debug_frame   0x00000a2c       0xcc Timers/timers.o
 .debug_frame   0x00000af8      0x1f4 Tones/anyrtttl.o
 .debug_frame   0x00000cec       0xf4 Tones/binrtttl.o
 .debug_frame   0x00000de0      0x110 D:\Competitions\eYRC 2016\Code\ATMEL\Git\Balance_Bot_2403\ArduinoCore\Debug\libArduinoCore.a(HardwareSerial.o)
 .debug_frame   0x00000ef0       0xc0 D:\Competitions\eYRC 2016\Code\ATMEL\Git\Balance_Bot_2403\ArduinoCore\Debug\libArduinoCore.a(HardwareSerial0.o)
 .debug_frame   0x00000fb0       0x54 D:\Competitions\eYRC 2016\Code\ATMEL\Git\Balance_Bot_2403\ArduinoCore\Debug\libArduinoCore.a(main.o)
 .debug_frame   0x00001004      0x39c D:\Competitions\eYRC 2016\Code\ATMEL\Git\Balance_Bot_2403\ArduinoCore\Debug\libArduinoCore.a(Print.o)
 .debug_frame   0x000013a0      0x100 D:\Competitions\eYRC 2016\Code\ATMEL\Git\Balance_Bot_2403\ArduinoCore\Debug\libArduinoCore.a(Tone.o)
 .debug_frame   0x000014a0      0x304 D:\Competitions\eYRC 2016\Code\ATMEL\Git\Balance_Bot_2403\ArduinoCore\Debug\libArduinoCore.a(WInterrupts.o)
 .debug_frame   0x000017a4       0xc4 D:\Competitions\eYRC 2016\Code\ATMEL\Git\Balance_Bot_2403\ArduinoCore\Debug\libArduinoCore.a(wiring.o)
 .debug_frame   0x00001868       0x54 D:\Competitions\eYRC 2016\Code\ATMEL\Git\Balance_Bot_2403\ArduinoCore\Debug\libArduinoCore.a(wiring_analog.o)
 .debug_frame   0x000018bc       0x7c D:\Competitions\eYRC 2016\Code\ATMEL\Git\Balance_Bot_2403\ArduinoCore\Debug\libArduinoCore.a(wiring_digital.o)
 .debug_frame   0x00001938       0xf0 D:\Competitions\eYRC 2016\Code\ATMEL\Git\Balance_Bot_2403\ArduinoCore\Debug\libArduinoCore.a(WMath.o)

.debug_str      0x00000000     0x3e90
 *(.debug_str)
 .debug_str     0x00000000      0x3e6 C:/Program Files (x86)/Atmel/Studio/7.0/Packs/atmel/ATmega_DFP/1.1.130/gcc/dev/atmega2560/avr6/crtatmega2560.o
 .debug_str     0x000003e6      0x3a5 Accelerometer/accel.o
                                0x3ec (size before relaxing)
 .debug_str     0x0000078b      0x7e4 Balance_Bot_2403.o
                                0xa4b (size before relaxing)
 .debug_str     0x00000f6f       0xca Controller/controller.o
                                0x411 (size before relaxing)
 .debug_str     0x00001039       0x82 Gyroscope/gyro.o
                                0x3cc (size before relaxing)
 .debug_str     0x000010bb       0xea I2C/i2c_lib.o
                                0x3b6 (size before relaxing)
 .debug_str     0x000011a5      0x39d Indicators/indicators.o
                                0x75b (size before relaxing)
 .debug_str     0x00001542      0x1d4 Motors/motors.o
                                0x4ac (size before relaxing)
 .debug_str     0x00001716       0x72 Support/support_lib.o
                                0x433 (size before relaxing)
 .debug_str     0x00001788       0x3f Timers/timers.o
                                0x2c4 (size before relaxing)
 .debug_str     0x000017c7      0x9ad Tones/anyrtttl.o
                                0xcea (size before relaxing)
 .debug_str     0x00002174      0x2c4 Tones/binrtttl.o
                                0x703 (size before relaxing)
 .debug_str     0x00002438     0x1061 D:\Competitions\eYRC 2016\Code\ATMEL\Git\Balance_Bot_2403\ArduinoCore\Debug\libArduinoCore.a(HardwareSerial.o)
                               0x13c0 (size before relaxing)
 .debug_str     0x00003499       0x8b D:\Competitions\eYRC 2016\Code\ATMEL\Git\Balance_Bot_2403\ArduinoCore\Debug\libArduinoCore.a(HardwareSerial0.o)
                               0x10e8 (size before relaxing)
 .debug_str     0x00003524       0x43 D:\Competitions\eYRC 2016\Code\ATMEL\Git\Balance_Bot_2403\ArduinoCore\Debug\libArduinoCore.a(main.o)
                                0x2bd (size before relaxing)
 .debug_str     0x00003567      0x3b0 D:\Competitions\eYRC 2016\Code\ATMEL\Git\Balance_Bot_2403\ArduinoCore\Debug\libArduinoCore.a(Print.o)
                                0xf68 (size before relaxing)
 .debug_str     0x00003917      0x209 D:\Competitions\eYRC 2016\Code\ATMEL\Git\Balance_Bot_2403\ArduinoCore\Debug\libArduinoCore.a(Tone.o)
                                0x4d5 (size before relaxing)
 .debug_str     0x00003b20      0x18e D:\Competitions\eYRC 2016\Code\ATMEL\Git\Balance_Bot_2403\ArduinoCore\Debug\libArduinoCore.a(WInterrupts.o)
                                0x276 (size before relaxing)
 .debug_str     0x00003cae       0x79 D:\Competitions\eYRC 2016\Code\ATMEL\Git\Balance_Bot_2403\ArduinoCore\Debug\libArduinoCore.a(wiring.o)
                                0x247 (size before relaxing)
 .debug_str     0x00003d27       0x66 D:\Competitions\eYRC 2016\Code\ATMEL\Git\Balance_Bot_2403\ArduinoCore\Debug\libArduinoCore.a(wiring_analog.o)
                                0x24b (size before relaxing)
 .debug_str     0x00003d8d       0x57 D:\Competitions\eYRC 2016\Code\ATMEL\Git\Balance_Bot_2403\ArduinoCore\Debug\libArduinoCore.a(wiring_digital.o)
                                0x2ac (size before relaxing)
 .debug_str     0x00003de4       0xac D:\Competitions\eYRC 2016\Code\ATMEL\Git\Balance_Bot_2403\ArduinoCore\Debug\libArduinoCore.a(WMath.o)
                                0x24a (size before relaxing)

.debug_loc      0x00000000     0x81c5
 *(.debug_loc)
 .debug_loc     0x00000000      0x262 Accelerometer/accel.o
 .debug_loc     0x00000262      0x9de Balance_Bot_2403.o
 .debug_loc     0x00000c40      0x39d Controller/controller.o
 .debug_loc     0x00000fdd      0x365 Gyroscope/gyro.o
 .debug_loc     0x00001342      0x84f I2C/i2c_lib.o
 .debug_loc     0x00001b91      0x57d Indicators/indicators.o
 .debug_loc     0x0000210e      0x720 Motors/motors.o
 .debug_loc     0x0000282e      0x17f Support/support_lib.o
 .debug_loc     0x000029ad       0xd5 Timers/timers.o
 .debug_loc     0x00002a82      0xd3a Tones/anyrtttl.o
 .debug_loc     0x000037bc      0x4b6 Tones/binrtttl.o
 .debug_loc     0x00003c72      0x497 D:\Competitions\eYRC 2016\Code\ATMEL\Git\Balance_Bot_2403\ArduinoCore\Debug\libArduinoCore.a(HardwareSerial.o)
 .debug_loc     0x00004109      0x161 D:\Competitions\eYRC 2016\Code\ATMEL\Git\Balance_Bot_2403\ArduinoCore\Debug\libArduinoCore.a(HardwareSerial0.o)
 .debug_loc     0x0000426a     0x1ef5 D:\Competitions\eYRC 2016\Code\ATMEL\Git\Balance_Bot_2403\ArduinoCore\Debug\libArduinoCore.a(Print.o)
 .debug_loc     0x0000615f      0xbcd D:\Competitions\eYRC 2016\Code\ATMEL\Git\Balance_Bot_2403\ArduinoCore\Debug\libArduinoCore.a(Tone.o)
 .debug_loc     0x00006d2c      0x7f5 D:\Competitions\eYRC 2016\Code\ATMEL\Git\Balance_Bot_2403\ArduinoCore\Debug\libArduinoCore.a(WInterrupts.o)
 .debug_loc     0x00007521      0x269 D:\Competitions\eYRC 2016\Code\ATMEL\Git\Balance_Bot_2403\ArduinoCore\Debug\libArduinoCore.a(wiring.o)
 .debug_loc     0x0000778a      0x11c D:\Competitions\eYRC 2016\Code\ATMEL\Git\Balance_Bot_2403\ArduinoCore\Debug\libArduinoCore.a(wiring_analog.o)
 .debug_loc     0x000078a6      0x552 D:\Competitions\eYRC 2016\Code\ATMEL\Git\Balance_Bot_2403\ArduinoCore\Debug\libArduinoCore.a(wiring_digital.o)
 .debug_loc     0x00007df8      0x3cd D:\Competitions\eYRC 2016\Code\ATMEL\Git\Balance_Bot_2403\ArduinoCore\Debug\libArduinoCore.a(WMath.o)

.debug_macinfo
 *(.debug_macinfo)

.debug_weaknames
 *(.debug_weaknames)

.debug_funcnames
 *(.debug_funcnames)

.debug_typenames
 *(.debug_typenames)

.debug_varnames
 *(.debug_varnames)

.debug_pubtypes
 *(.debug_pubtypes)

.debug_ranges   0x00000000      0x8c0
 *(.debug_ranges)
 .debug_ranges  0x00000000       0x28 Accelerometer/accel.o
 .debug_ranges  0x00000028       0x88 Balance_Bot_2403.o
 .debug_ranges  0x000000b0       0x18 Controller/controller.o
 .debug_ranges  0x000000c8       0x40 Gyroscope/gyro.o
 .debug_ranges  0x00000108       0x60 I2C/i2c_lib.o
 .debug_ranges  0x00000168       0xe0 Indicators/indicators.o
 .debug_ranges  0x00000248       0xa0 Motors/motors.o
 .debug_ranges  0x000002e8       0x38 Support/support_lib.o
 .debug_ranges  0x00000320       0x48 Timers/timers.o
 .debug_ranges  0x00000368      0x140 Tones/anyrtttl.o
 .debug_ranges  0x000004a8       0xa8 Tones/binrtttl.o
 .debug_ranges  0x00000550       0x70 D:\Competitions\eYRC 2016\Code\ATMEL\Git\Balance_Bot_2403\ArduinoCore\Debug\libArduinoCore.a(HardwareSerial.o)
 .debug_ranges  0x000005c0       0x28 D:\Competitions\eYRC 2016\Code\ATMEL\Git\Balance_Bot_2403\ArduinoCore\Debug\libArduinoCore.a(HardwareSerial0.o)
 .debug_ranges  0x000005e8       0x28 D:\Competitions\eYRC 2016\Code\ATMEL\Git\Balance_Bot_2403\ArduinoCore\Debug\libArduinoCore.a(main.o)
 .debug_ranges  0x00000610      0x128 D:\Competitions\eYRC 2016\Code\ATMEL\Git\Balance_Bot_2403\ArduinoCore\Debug\libArduinoCore.a(Print.o)
 .debug_ranges  0x00000738       0x70 D:\Competitions\eYRC 2016\Code\ATMEL\Git\Balance_Bot_2403\ArduinoCore\Debug\libArduinoCore.a(Tone.o)
 .debug_ranges  0x000007a8       0x60 D:\Competitions\eYRC 2016\Code\ATMEL\Git\Balance_Bot_2403\ArduinoCore\Debug\libArduinoCore.a(WInterrupts.o)
 .debug_ranges  0x00000808       0x38 D:\Competitions\eYRC 2016\Code\ATMEL\Git\Balance_Bot_2403\ArduinoCore\Debug\libArduinoCore.a(wiring.o)
 .debug_ranges  0x00000840       0x20 D:\Competitions\eYRC 2016\Code\ATMEL\Git\Balance_Bot_2403\ArduinoCore\Debug\libArduinoCore.a(wiring_analog.o)
 .debug_ranges  0x00000860       0x28 D:\Competitions\eYRC 2016\Code\ATMEL\Git\Balance_Bot_2403\ArduinoCore\Debug\libArduinoCore.a(wiring_digital.o)
 .debug_ranges  0x00000888       0x38 D:\Competitions\eYRC 2016\Code\ATMEL\Git\Balance_Bot_2403\ArduinoCore\Debug\libArduinoCore.a(WMath.o)

.debug_macro
 *(.debug_macro)
OUTPUT(Balance_Bot_2403.elf elf32-avr)
LOAD linker stubs
